
> pgorecordmanagementsystem@0.0.0 build
> tsc -b && vite build

src/pages/LetterPage.tsx(996,7): error TS1005: ')' expected.
src/pages/LetterPage.tsx(999,15): error TS1005: ';' expected.
src/pages/LetterPage.tsx(999,38): error TS1005: ';' expected.
src/pages/LetterPage.tsx(1024,7): error TS1128: Declaration or statement expected.
src/pages/LetterPage.tsx(1027,15): error TS1005: ';' expected.
src/pages/LetterPage.tsx(1027,36): error TS1005: ';' expected.
src/pages/LetterPage.tsx(1182,7): error TS1128: Declaration or statement expected.
src/pages/LetterPage.tsx(1185,15): error TS1005: ';' expected.
src/pages/LetterPage.tsx(1185,40): error TS1005: ';' expected.
src/pages/LetterPage.tsx(1224,7): error TS1128: Declaration or statement expected.
src/pages/LetterPage.tsx(1231,19): error TS1136: Property assignment expected.
src/pages/LetterPage.tsx(1231,22): error TS1005: ';' expected.
src/pages/LetterPage.tsx(1242,8): error TS1109: Expression expected.
src/pages/LetterPage.tsx(1245,15): error TS1005: ';' expected.
src/pages/LetterPage.tsx(1245,41): error TS1005: ';' expected.
src/pages/LetterPage.tsx(1305,7): error TS1128: Declaration or statement expected.
src/pages/LetterPage.tsx(1312,25): error TS1005: ',' expected.
src/pages/LetterPage.tsx(1313,8): error TS1109: Expression expected.
src/pages/LetterPage.tsx(1314,5): error TS1109: Expression expected.
src/pages/LetterPage.tsx(1315,3): error TS1109: Expression expected.
src/pages/LetterPage.tsx(1317,1): error TS1128: Declaration or statement expected.
src/pages/OthersPage.tsx(1005,7): error TS1005: ')' expected.
src/pages/OthersPage.tsx(1008,15): error TS1005: ';' expected.
src/pages/OthersPage.tsx(1008,36): error TS1005: ';' expected.
src/pages/OthersPage.tsx(1103,7): error TS1128: Declaration or statement expected.
src/pages/OthersPage.tsx(1106,15): error TS1005: ';' expected.
src/pages/OthersPage.tsx(1106,40): error TS1005: ';' expected.
src/pages/OthersPage.tsx(1144,7): error TS1128: Declaration or statement expected.
src/pages/OthersPage.tsx(1147,15): error TS1005: ';' expected.
src/pages/OthersPage.tsx(1147,38): error TS1005: ';' expected.
src/pages/OthersPage.tsx(1169,7): error TS1128: Declaration or statement expected.
src/pages/OthersPage.tsx(1172,15): error TS1005: ';' expected.
src/pages/OthersPage.tsx(1172,41): error TS1005: ';' expected.
src/pages/OthersPage.tsx(1223,7): error TS1128: Declaration or statement expected.
src/pages/OthersPage.tsx(1230,25): error TS1005: ',' expected.
src/pages/OthersPage.tsx(1231,8): error TS1109: Expression expected.
src/pages/OthersPage.tsx(1234,15): error TS1005: ';' expected.
src/pages/OthersPage.tsx(1234,41): error TS1005: ';' expected.
src/pages/OthersPage.tsx(1295,7): error TS1128: Declaration or statement expected.
src/pages/OthersPage.tsx(1302,19): error TS1136: Property assignment expected.
src/pages/OthersPage.tsx(1302,22): error TS1005: ';' expected.
src/pages/OthersPage.tsx(1307,33): error TS1005: ',' expected.
src/pages/OthersPage.tsx(1308,30): error TS1136: Property assignment expected.
src/pages/OthersPage.tsx(1308,38): error TS1005: ';' expected.
src/pages/OthersPage.tsx(1308,95): error TS1128: Declaration or statement expected.
src/pages/OthersPage.tsx(1309,29): error TS1005: ',' expected.
src/pages/OthersPage.tsx(1310,26): error TS1136: Property assignment expected.
src/pages/OthersPage.tsx(1310,34): error TS1005: ';' expected.
src/pages/OthersPage.tsx(1310,94): error TS1128: Declaration or statement expected.
src/pages/OthersPage.tsx(1312,8): error TS1109: Expression expected.
src/pages/OthersPage.tsx(1313,5): error TS1109: Expression expected.
src/pages/OthersPage.tsx(1314,3): error TS1109: Expression expected.
src/pages/OthersPage.tsx(1315,1): error TS1128: Declaration or statement expected.
src/pages/OvertimePage.tsx(942,7): error TS1005: ')' expected.
src/pages/OvertimePage.tsx(945,15): error TS1005: ';' expected.
src/pages/OvertimePage.tsx(945,40): error TS1005: ';' expected.
src/pages/OvertimePage.tsx(984,7): error TS1128: Declaration or statement expected.
src/pages/OvertimePage.tsx(991,19): error TS1136: Property assignment expected.
src/pages/OvertimePage.tsx(991,22): error TS1005: ';' expected.
src/pages/OvertimePage.tsx(995,33): error TS1005: ',' expected.
src/pages/OvertimePage.tsx(996,30): error TS1136: Property assignment expected.
src/pages/OvertimePage.tsx(996,38): error TS1005: ';' expected.
src/pages/OvertimePage.tsx(996,95): error TS1128: Declaration or statement expected.
src/pages/OvertimePage.tsx(997,29): error TS1005: ',' expected.
src/pages/OvertimePage.tsx(998,26): error TS1136: Property assignment expected.
src/pages/OvertimePage.tsx(998,34): error TS1005: ';' expected.
src/pages/OvertimePage.tsx(998,94): error TS1128: Declaration or statement expected.
src/pages/OvertimePage.tsx(1000,8): error TS1109: Expression expected.
src/pages/OvertimePage.tsx(1003,15): error TS1005: ';' expected.
src/pages/OvertimePage.tsx(1003,36): error TS1005: ';' expected.
src/pages/OvertimePage.tsx(1098,7): error TS1128: Declaration or statement expected.
src/pages/OvertimePage.tsx(1105,25): error TS1005: ',' expected.
src/pages/OvertimePage.tsx(1106,8): error TS1109: Expression expected.
src/pages/OvertimePage.tsx(1109,15): error TS1005: ';' expected.
src/pages/OvertimePage.tsx(1109,41): error TS1005: ';' expected.
src/pages/OvertimePage.tsx(1170,7): error TS1128: Declaration or statement expected.
src/pages/OvertimePage.tsx(1171,5): error TS1109: Expression expected.
src/pages/OvertimePage.tsx(1172,3): error TS1109: Expression expected.
src/pages/OvertimePage.tsx(1173,1): error TS1128: Declaration or statement expected.
src/pages/TravelOrderPage.tsx(1015,7): error TS1005: ')' expected.
src/pages/TravelOrderPage.tsx(1018,15): error TS1005: ';' expected.
src/pages/TravelOrderPage.tsx(1018,40): error TS1005: ';' expected.
src/pages/TravelOrderPage.tsx(1057,7): error TS1128: Declaration or statement expected.
src/pages/TravelOrderPage.tsx(1064,19): error TS1136: Property assignment expected.
src/pages/TravelOrderPage.tsx(1064,22): error TS1005: ';' expected.
src/pages/TravelOrderPage.tsx(1068,33): error TS1005: ',' expected.
src/pages/TravelOrderPage.tsx(1069,30): error TS1136: Property assignment expected.
src/pages/TravelOrderPage.tsx(1069,38): error TS1005: ';' expected.
src/pages/TravelOrderPage.tsx(1069,95): error TS1128: Declaration or statement expected.
src/pages/TravelOrderPage.tsx(1070,29): error TS1005: ',' expected.
src/pages/TravelOrderPage.tsx(1071,26): error TS1136: Property assignment expected.
src/pages/TravelOrderPage.tsx(1071,34): error TS1005: ';' expected.
src/pages/TravelOrderPage.tsx(1071,94): error TS1128: Declaration or statement expected.
src/pages/TravelOrderPage.tsx(1073,8): error TS1109: Expression expected.
src/pages/TravelOrderPage.tsx(1076,15): error TS1005: ';' expected.
src/pages/TravelOrderPage.tsx(1076,36): error TS1005: ';' expected.
src/pages/TravelOrderPage.tsx(1171,7): error TS1128: Declaration or statement expected.
src/pages/TravelOrderPage.tsx(1178,25): error TS1005: ',' expected.
src/pages/TravelOrderPage.tsx(1179,8): error TS1109: Expression expected.
src/pages/TravelOrderPage.tsx(1182,15): error TS1005: ';' expected.
src/pages/TravelOrderPage.tsx(1182,41): error TS1005: ';' expected.
src/pages/TravelOrderPage.tsx(1243,7): error TS1128: Declaration or statement expected.
src/pages/TravelOrderPage.tsx(1244,5): error TS1109: Expression expected.
src/pages/TravelOrderPage.tsx(1245,3): error TS1109: Expression expected.
src/pages/TravelOrderPage.tsx(1246,1): error TS1128: Declaration or statement expected.
src/pages/VoucherPage.tsx(1009,7): error TS1005: ')' expected.
src/pages/VoucherPage.tsx(1012,15): error TS1005: ';' expected.
src/pages/VoucherPage.tsx(1012,36): error TS1005: ';' expected.
src/pages/VoucherPage.tsx(1108,7): error TS1128: Declaration or statement expected.
src/pages/VoucherPage.tsx(1111,15): error TS1005: ';' expected.
src/pages/VoucherPage.tsx(1111,40): error TS1005: ';' expected.
src/pages/VoucherPage.tsx(1150,7): error TS1128: Declaration or statement expected.
src/pages/VoucherPage.tsx(1153,15): error TS1005: ';' expected.
src/pages/VoucherPage.tsx(1153,38): error TS1005: ';' expected.
src/pages/VoucherPage.tsx(1177,7): error TS1128: Declaration or statement expected.
src/pages/VoucherPage.tsx(1184,19): error TS1136: Property assignment expected.
src/pages/VoucherPage.tsx(1184,22): error TS1005: ';' expected.
src/pages/VoucherPage.tsx(1188,33): error TS1005: ',' expected.
src/pages/VoucherPage.tsx(1189,30): error TS1136: Property assignment expected.
src/pages/VoucherPage.tsx(1189,38): error TS1005: ';' expected.
src/pages/VoucherPage.tsx(1189,95): error TS1128: Declaration or statement expected.
src/pages/VoucherPage.tsx(1190,29): error TS1005: ',' expected.
src/pages/VoucherPage.tsx(1191,26): error TS1136: Property assignment expected.
src/pages/VoucherPage.tsx(1191,34): error TS1005: ';' expected.
src/pages/VoucherPage.tsx(1191,94): error TS1128: Declaration or statement expected.
src/pages/VoucherPage.tsx(1193,8): error TS1109: Expression expected.
src/pages/VoucherPage.tsx(1200,25): error TS1005: ',' expected.
src/pages/VoucherPage.tsx(1201,8): error TS1109: Expression expected.
src/pages/VoucherPage.tsx(1204,15): error TS1005: ';' expected.
src/pages/VoucherPage.tsx(1204,41): error TS1005: ';' expected.
src/pages/VoucherPage.tsx(1261,7): error TS1128: Declaration or statement expected.
src/pages/VoucherPage.tsx(1262,5): error TS1109: Expression expected.
src/pages/VoucherPage.tsx(1263,3): error TS1109: Expression expected.
src/pages/VoucherPage.tsx(1264,1): error TS1128: Declaration or statement expected.
